<?xml version="1.0" encoding="UTF-8"?>
<!DOCTYPE tv SYSTEM "xmltv.dtd">

<tv>
  <programme start="20010829000500 BST" channel="foo.tv">
    <title>T</title>
    <desc>Blah.</desc>
  </programme>
</tv>
