<?xml version="1.0" encoding="UTF-8"?>
<!DOCTYPE tv SYSTEM "xmltv.dtd">

<tv>
  <programme start="20011228113100" channel="1">
    <title>A</title>
  </programme>
  <programme start="20011228113101" channel="1">
    <title>B</title>
  </programme>
  <programme start="20011228113102" channel="1">
    <title>D</title>
  </programme>
  <programme start="20020517020200 BST" channel="c">
    <title>t</title>
  </programme>
</tv>
