<?xml version="1.0" encoding="UTF-8"?>
<!DOCTYPE tv SYSTEM "xmltv.dtd">

<tv>
  <channel id="3sat.de">
    <display-name lang="de">3SAT</display-name>
  </channel>
  <channel id="das-erste.de">
    <display-name lang="de">ARD</display-name>
    <display-name lang="de">Das Erste</display-name>
  </channel>
  <programme start="200204201725" stop="200204201800" channel="foo">
    <title>Second in clump</title>
    <category>g</category>
  </programme>
  <programme start="20021004090000 BST" stop="20021004100000 BST" channel="south-east.bbc1.bbc.co.uk">
    <title lang="en">BBC News; Weather</title>
  </programme>
  <programme start="20030216130000" stop="20030216140000" channel="0">
    <title>On both 'before' and 'after' 13:30.</title>
  </programme>
  <programme start="20030216130000" stop="20030216131000" channel="0">
    <title>Straightforward 'before' but not 'after' 13:30.</title>
  </programme>
  <programme start="20030216133000" stop="20030216140000" channel="0">
    <title>On both 'before' and 'after' 13:30.</title>
  </programme>
  <programme start="20030216134000" stop="20030216140000" channel="0">
    <title>Straightforward 'after' but not 'before' 13:30.</title>
  </programme>
  <programme start="20000101000000" stop="20000101000000" channel="a">
    <title>Zero length, should not overlap with one starting at same time</title>
  </programme>
  <programme start="20000101000000" stop="20000101010000" channel="a">
    <title>One hour long</title>
  </programme>
  <programme start="20000101003000" stop="20000101003000" channel="a">
    <title>Zero length in the middle</title>
  </programme>
  <programme start="20010829000500 BST" channel="bbc2.bbc.co.uk">
    <title>The Phil Silvers Show</title>
    <desc>Bilko claims he's had a close encounter with an alien in order
      to be given some compassionate leave so he can visit an old
      flame in New York.</desc>
  </programme>
  <programme start="20010829095500 BST" channel="channel4.com">
    <title>King of the Hill</title>
    <sub-title>Meet the Propaniacs</sub-title>
    <desc>Bobby tours with a comedy troupe who specialize in
       propane-related mirth.</desc>
    <credits>
      <actor>Mike Judge</actor>
      <actor>Lane Smith</actor>
    </credits>
    <category>animation</category>
    <previously-shown />
  </programme>
  <programme start="20011218040500" channel="carlton.com">
    <title lang="en">ITV Nightscreen</title>
    <desc lang="en">Behind the scenes of ITV programmes, a guide to films being shown on the small screen, plus recipes and facts</desc>
    <category>factual</category>
  </programme>
  <programme start="200006031633" channel="3sat.de">
    <title lang="de">blah</title>
    <title lang="en">blah</title>
    <desc lang="de">Blah Blah Blah.</desc>
    <credits>
      <director>blah</director>
      <actor>a</actor>
      <actor>b</actor>
      <actor role="blah">c</actor>
      <actor guest="yes">d</actor>
    </credits>
    <date>19901011</date>
    <category lang="en">Comedy</category>
    <length units="hours">1</length>
    <icon src="http://image.example.com/dgXPhzNJH8H.jpg" width="500" height="123" />
    <url>https://www.example.com/title/tt0365/</url>
    <country>ES</country>
    <episode-num system="xmltv_ns">2 . 9 . 0/1</episode-num>
    <video>
      <aspect>16:9</aspect>
    </video>
    <last-chance />
    <subtitles type="teletext">
      <language lang="en">English</language>
    </subtitles>
    <rating system="MPAA">
      <value>PG</value>
    </rating>
    <star-rating>
      <value>3/3</value>
      <icon src="stars.png" />
    </star-rating>
    <review type="text" source="tvreviews" reviewer="joe" lang="en">More blah blah</review>
  </programme>
  <programme start="20020420131000" channel="foo.com">
    <title>A programme with empty stuff that should not be written out again</title>
  </programme>
  <programme start="20010829000500 BST" channel="bbc2.bbc.co.uk">
    <title>The Phil Silvers Show</title>
    <desc>Bilko claims he's had a close encounter with an alien in order
      to be given some compassionate leave so he can visit an old
      flame in New York.</desc>
  </programme>
  <programme start="20010829095500 BST" channel="channel4.com">
    <title>King of the Hill</title>
    <sub-title>Meet the Propaniacs</sub-title>
    <desc>Bobby tours with a comedy troupe who specialize in
       propane-related mirth.</desc>
    <credits>
      <actor>Mike Judge</actor>
      <actor>Lane Smith</actor>
    </credits>
    <category>animation</category>
    <previously-shown />
  </programme>
</tv>
