<?xml version="1.0" encoding="UTF-8"?>
<!DOCTYPE tv SYSTEM "xmltv.dtd">

<tv>
  <channel id="3sat.de">
    <display-name lang="de">3SAT</display-name>
  </channel>
  <channel id="das-erste.de">
    <display-name lang="de">ARD</display-name>
    <display-name lang="de">Das Erste</display-name>
  </channel>
  <programme start="200204201725" stop="200204201800" channel="foo" clumpidx="0/2">
    <title>First in clump</title>
    <category>b</category>
  </programme>
  <programme start="200204201725" stop="200204201800" channel="foo" clumpidx="1/2">
    <title>Second in clump</title>
    <category>g</category>
  </programme>
  <programme start="20010829000500 BST" stop="20010829003000 BST" pdc-start="20010829000000 BST" vps-start="20010829001000 BST" showview="12345" videoplus="54321" channel="bbc2.bbc.co.uk" clumpidx="0/2">
    <title>Attrib Rameau</title>
  </programme>
  <programme start="200202240000 +0100" stop="200202240030 +0100" channel="CNN">
    <title lang="en">News</title>
    <desc lang="en">Lots of news.</desc>
    <length units="minutes">30</length>
  </programme>
  <programme start="20010829095500 BST" channel="channel4.com">
    <title>King of the Hill</title>
    <sub-title>Meet the Propaniacs</sub-title>
    <desc>Bobby tours with a comedy troupe who specialize in
       propane-related mirth.</desc>
    <credits>
      <actor>Mike Judge</actor>
      <actor>Lane Smith</actor>
    </credits>
    <category>animation</category>
    <previously-shown />
  </programme>
  <programme start="20011218040500" stop="20011218043000" channel="channel5.co.uk">
    <title lang="en">Motorsport Mundial</title>
    <desc lang="en">High-speed footage, news and views from around the world, focusing on everything from touring car races to single-seater events</desc>
    <category>sport</category>
    <audio>
      <present>yes</present>
      <stereo>stereo</stereo>
    </audio>
  </programme>
  <programme start="200006031633" channel="3sat.de">
    <title lang="de">blah</title>
    <title lang="en">blah</title>
    <desc lang="de">Blah Blah Blah.</desc>
    <credits>
      <director>blah</director>
      <actor>a</actor>
      <actor>b</actor>
      <actor role="blah">c</actor>
      <actor guest="yes">d</actor>
    </credits>
    <date>19901011</date>
    <category lang="en">Comedy</category>
    <length units="hours">1</length>
    <icon src="http://image.example.com/dgXPhzNJH8H.jpg" width="500" height="123" />
    <url>https://www.example.com/title/tt0365/</url>
    <country>ES</country>
    <episode-num system="xmltv_ns">2 . 9 . 0/1</episode-num>
    <video>
      <aspect>16:9</aspect>
    </video>
    <last-chance />
    <subtitles type="teletext">
      <language lang="en">English</language>
    </subtitles>
    <rating system="MPAA">
      <value>PG</value>
    </rating>
    <star-rating>
      <value>3/3</value>
      <icon src="stars.png" />
    </star-rating>
    <review type="text" source="tvreviews" reviewer="joe" lang="en">More blah blah</review>
  </programme>
  <programme start="20020420131000" channel="foo.com">
    <title>A programme with empty stuff that should not be written out again</title>
  </programme>
  <programme start="20010829095500 BST" channel="channel4.com">
    <title>King of the Hill</title>
    <sub-title>Meet the Propaniacs</sub-title>
    <desc>Bobby tours with a comedy troupe who specialize in
       propane-related mirth.</desc>
    <credits>
      <actor>Mike Judge</actor>
      <actor>Lane Smith</actor>
    </credits>
    <category>animation</category>
    <previously-shown />
  </programme>
</tv>
